
> frontend@0.0.0 build
> vite build

[36mvite v8.0.14 [32mbuilding client environment for production...[36m[39m
[2Ktransforming...✓ 2753 modules transformed.
[31m✗[39m Build failed in 471ms
[31merror during build:
[31mBuild failed with 2 errors:

[31m[builtin:vite-transform] [0mExpected corresponding JSX closing tag for 'motion.div'.
     [38;5;246m╭[0m[38;5;246m─[0m[38;5;246m[[0m src/pages/Processor/index.jsx:888:9 [38;5;246m][0m
     [38;5;246m│[0m
 [38;5;246m406 │[0m [38;5;249m [0m[38;5;249m [0m[38;5;249m [0m[38;5;249m [0m[38;5;249m<[0mmotion.div
 [38;5;240m    │[0m      ─────┬────  
 [38;5;240m    │[0m           ╰────── Opened here
 [38;5;240m    │[0m 
 [38;5;246m888 │[0m [38;5;249m [0m[38;5;249m [0m[38;5;249m [0m[38;5;249m [0m[38;5;249m [0m[38;5;249m [0m[38;5;249m<[0m[38;5;249m/[0mdiv[38;5;249m>[0m
 [38;5;240m    │[0m         ─┬─  
 [38;5;240m    │[0m          ╰─── Expected `</motion.div>`
[38;5;246m─────╯[0m

[31m[builtin:vite-transform] [0mExpected `,` or `)` but found `{`
     [38;5;246m╭[0m[38;5;246m─[0m[38;5;246m[[0m src/pages/Processor/index.jsx:890:7 [38;5;246m][0m
     [38;5;246m│[0m
 [38;5;246m405 │[0m [38;5;249m [0m[38;5;249m [0m[38;5;249mr[0m[38;5;249me[0m[38;5;249mt[0m[38;5;249mu[0m[38;5;249mr[0m[38;5;249mn[0m[38;5;249m [0m(
 [38;5;240m    │[0m          ┬  
 [38;5;240m    │[0m          ╰── Opened here
 [38;5;240m    │[0m 
 [38;5;246m890 │[0m [38;5;249m [0m[38;5;249m [0m[38;5;249m [0m[38;5;249m [0m[38;5;249m [0m[38;5;249m [0m{[38;5;249m/[0m[38;5;249m*[0m[38;5;249m [0m[38;5;249mP[0m[38;5;249mH[0m[38;5;249mẦ[0m[38;5;249mN[0m[38;5;249m [0m[38;5;249mD[0m[38;5;249mƯ[0m[38;5;249mỚ[0m[38;5;249mI[0m[38;5;249m:[0m[38;5;249m [0m[38;5;249mT[0m[38;5;249mi[0m[38;5;249mế[0m[38;5;249mn[0m[38;5;249m [0m[38;5;249mT[0m[38;5;249mr[0m[38;5;249mì[0m[38;5;249mn[0m[38;5;249mh[0m[38;5;249m [0m[38;5;249mR[0m[38;5;249me[0m[38;5;249mn[0m[38;5;249md[0m[38;5;249me[0m[38;5;249mr[0m[38;5;249m [0m[38;5;249m&[0m[38;5;249m [0m[38;5;249mT[0m[38;5;249me[0m[38;5;249mr[0m[38;5;249mm[0m[38;5;249mi[0m[38;5;249mn[0m[38;5;249ma[0m[38;5;249ml[0m[38;5;249m [0m[38;5;249mC[0m[38;5;249mo[0m[38;5;249mn[0m[38;5;249ms[0m[38;5;249mo[0m[38;5;249ml[0m[38;5;249me[0m[38;5;249m [0m[38;5;249m*[0m[38;5;249m/[0m[38;5;249m}[0m
 [38;5;240m    │[0m       ┬  
 [38;5;240m    │[0m       ╰── `,` or `)` expected
[38;5;246m─────╯[0m
[31m
    at aggregateBindingErrorsIntoJsError (file:///E:/Tradingbot/auto_reup_tiktok/frontend/node_modules/rolldown/dist/shared/error-B8po7KiL.mjs:48:18)
    at unwrapBindingResult (file:///E:/Tradingbot/auto_reup_tiktok/frontend/node_modules/rolldown/dist/shared/error-B8po7KiL.mjs:18:128)
    at #build (file:///E:/Tradingbot/auto_reup_tiktok/frontend/node_modules/rolldown/dist/shared/rolldown-build-9MccaWPU.mjs:3236:34)
    at async buildEnvironment (file:///E:/Tradingbot/auto_reup_tiktok/frontend/node_modules/vite/dist/node/chunks/node.js:33137:64)
    at async Object.build (file:///E:/Tradingbot/auto_reup_tiktok/frontend/node_modules/vite/dist/node/chunks/node.js:33559:19)
    at async Object.buildApp (file:///E:/Tradingbot/auto_reup_tiktok/frontend/node_modules/vite/dist/node/chunks/node.js:33556:153)
    at async CAC.<anonymous> (file:///E:/Tradingbot/auto_reup_tiktok/frontend/node_modules/vite/dist/node/cli.js:777:3) {
  errors: [Getter/Setter]
}[39m
